Microchip MPLAB XC8 Compiler V2.40

Linker command line:

-W-3 \
  --edf=C:\Program Files\Microchip\xc8\v2.40\pic\dat\20220703182018_en.msgs \
  -cn -h+dist/default/production\TP3.X.production.sym \
  --cmf=dist/default/production\TP3.X.production.cmf -z -Q18F25K80 \
  -oC:\Users\A.D\AppData\Local\Temp\xcAs1g14.4 --defsym=__MPLAB_BUILD=1 \
  --fixupoverflow=error -Mdist/default/production/TP3.X.production.map \
  --md=C:\Users\A.D\AppData\Local\Temp\xcAs1g14.dat -E1 -ver=XC8 Compiler \
  --acfsm=1493 -ACODE=00h-07FFFh -ACONST=00h-07FFFh \
  -ASMALLCONST=01000h-010FFhx112 -AMEDIUMCONST=01000h-07FFFh \
  -ACOMRAM=01h-05Fh -AABS1=00h-0E40h -ABIGRAM=01h-0E40h \
  -ARAM=060h-0FFh,0100h-01FFhx13,0E00h-0E40h -ABANK0=060h-0FFh \
  -ABANK1=0100h-01FFh -ABANK2=0200h-02FFh -ABANK3=0300h-03FFh \
  -ABANK4=0400h-04FFh -ABANK5=0500h-05FFh -ABANK6=0600h-06FFh \
  -ABANK7=0700h-07FFh -ABANK8=0800h-08FFh -ABANK9=0900h-09FFh \
  -ABANK10=0A00h-0AFFh -ABANK11=0B00h-0BFFh -ABANK12=0C00h-0CFFh \
  -ABANK13=0D00h-0DFFh -ABANK14=0E00h-0E40h \
  -ASFR=0E41h-0EFFh,0F00h-0F5Fh,0F60h-0FFFh -ABIGSFR=0E41h-0FFFh \
  -ACONFIG=0300000h-030000Dh -AIDLOC=0200000h-0200007h \
  -AEEDATA=0F00000h-0F003FFh -peeprom_data=EEDATA \
  -preset_vec=00h,intcode=08h,intcodelo,powerup,init -pramtop=01000h \
  -psmallconst=SMALLCONST -pmediumconst=MEDIUMCONST -pconst=CONST \
  -AFARRAM=00h-00h \
  -prdata=COMRAM,nvrram=COMRAM,nvbit=COMRAM,rbss=COMRAM,rbit=COMRAM \
  -pfarbss=FARRAM,fardata=FARRAM,nvFARRAM=FARRAM \
  -pintsave_regs=BIGRAM,bigbss=BIGRAM,bigdata=BIGRAM -pbss=RAM \
  -pidata=CODE,irdata=CODE,ibigdata=CODE,ifardata=CODE -prparam=COMRAM \
  C:\Users\A.D\AppData\Local\Temp\xcAs1g14.o \
  dist/default/production\TP3.X.production.o 

Object code version is 3.11

Machine type is 18F25K80



                Name                               Link     Load   Length Selector   Space Scale
C:\Users\A.D\AppData\Local\Temp\xcAs1g14.o
                idloc                            200000   200000        8        0       5
                config                           300000   300000        E        0       4
                init                                 D4       D4        4        4       0
                reset_vec                             0        0        4        0       0
dist/default/production\TP3.X.production.o
                intcode                               8        8       CC        4       0
                idloc                            200000   200000        8        0       5
                config                           300000   300000        E        0       4
                temp                                 59       59        1        1       1
                smallconst                         1000     1000       DA      800       0
                text37                             17DA     17DA       2A      86D       0
                text36                             1940     1940        6      86D       0
                text35                             194C     194C        2      86D       0
                text34                             193A     193A        6      86D       0
                text33                             12C0     12C0       C0      86D       0
                text32                             1698     1698       40      86D       0
                text31                             1804     1804       28      86D       0
                text30                             1784     1784       2C      86D       0
                text29                             194A     194A        2      86D       0
                text28                             16D8     16D8       3C      86D       0
                text26                             157A     157A       50      86D       0
                text25                             1930     1930        A      86D       0
                text24                             1926     1926        A      86D       0
                text23                             191C     191C        A      86D       0
                text22                             1912     1912        A      86D       0
                text21                             1908     1908        A      86D       0
                text20                             14B0     14B0       74      86D       0
                text19                             1946     1946        4      86D       0
                text18                             18E2     18E2       12      86D       0
                text17                             17B0     17B0       2A      86D       0
                text16                             18D0     18D0       12      86D       0
                text15                             18FE     18FE        A      86D       0
                text14                             174C     174C       38      86D       0
                text13                             18B6     18B6       1A      86D       0
                text12                             189C     189C       1A      86D       0
                text11                             1878     1878       24      86D       0
                text10                             1658     1658       40      86D       0
                text9                              1524     1524       56      86D       0
                text8                              18F4     18F4        A      86D       0
                text7                              141A     141A       96      86D       0
                text6                              1380     1380       9A      86D       0
                text5                              11D8     11D8       E8      86D       0
                text4                              15CA     15CA       4E      86D       0
                text3                              1852     1852       26      86D       0
                text2                              1714     1714       38      86D       0
                text1                              1618     1618       40      86D       0
                text0                              10DA     10DA       FE      86D       0
                cstackCOMRAM                          1        1       30        1       1
                cstackBANK0                          88       88        5       60       1
                bssBANK0                             60       60       28       60       1
                bssCOMRAM                            31       31       1D        1       1
                cinit                              182C     182C       26      86D       0
                nvBANK0                              8D       8D        4       60       1
                nvCOMRAM                             4E       4E        B        1       1

TOTAL           Name                               Link     Load   Length     Space
        CLASS   CODE           
                intcode                               8        8       CC         0
                init                                 D4       D4        4         0
                reset_vec                             0        0        4         0
                text37                             17DA     17DA       2A         0
                text36                             1940     1940        6         0
                text35                             194C     194C        2         0
                text34                             193A     193A        6         0
                text33                             12C0     12C0       C0         0
                text32                             1698     1698       40         0
                text31                             1804     1804       28         0
                text30                             1784     1784       2C         0
                text29                             194A     194A        2         0
                text28                             16D8     16D8       3C         0
                text26                             157A     157A       50         0
                text25                             1930     1930        A         0
                text24                             1926     1926        A         0
                text23                             191C     191C        A         0
                text22                             1912     1912        A         0
                text21                             1908     1908        A         0
                text20                             14B0     14B0       74         0
                text19                             1946     1946        4         0
                text18                             18E2     18E2       12         0
                text17                             17B0     17B0       2A         0
                text16                             18D0     18D0       12         0
                text15                             18FE     18FE        A         0
                text14                             174C     174C       38         0
                text13                             18B6     18B6       1A         0
                text12                             189C     189C       1A         0
                text11                             1878     1878       24         0
                text10                             1658     1658       40         0
                text9                              1524     1524       56         0
                text8                              18F4     18F4        A         0
                text7                              141A     141A       96         0
                text6                              1380     1380       9A         0
                text5                              11D8     11D8       E8         0
                text4                              15CA     15CA       4E         0
                text3                              1852     1852       26         0
                text2                              1714     1714       38         0
                text1                              1618     1618       40         0
                text0                              10DA     10DA       FE         0
                cinit                              182C     182C       26         0

        CLASS   CONST          

        CLASS   SMALLCONST     
                smallconst                         1000     1000       DA         0

        CLASS   MEDIUMCONST    

        CLASS   COMRAM         
                temp                                 59       59        1         1
                cstackCOMRAM                          1        1       30         1
                bssCOMRAM                            31       31       1D         1
                nvCOMRAM                             4E       4E        B         1

        CLASS   ABS1           

        CLASS   BIGRAM         

        CLASS   RAM            

        CLASS   BANK0          
                cstackBANK0                          88       88        5         1
                bssBANK0                             60       60       28         1
                nvBANK0                              8D       8D        4         1

        CLASS   BANK1          

        CLASS   BANK2          

        CLASS   BANK3          

        CLASS   BANK4          

        CLASS   BANK5          

        CLASS   BANK6          

        CLASS   BANK7          

        CLASS   BANK8          

        CLASS   BANK9          

        CLASS   BANK10         

        CLASS   BANK11         

        CLASS   BANK12         

        CLASS   BANK13         

        CLASS   BANK14         

        CLASS   SFR            

        CLASS   BIGSFR         

        CLASS   CONFIG         
                config                           300000   300000        E         4

        CLASS   IDLOC          
                idloc                            200000   200000        8         5

        CLASS   EEDATA         

        CLASS   FARRAM         

        CLASS   HEAP           

        CLASS   STACK          



SEGMENTS        Name                           Load    Length   Top    Selector   Space  Class

                reset_vec                      000000  000004  000004         0       0  CODE    
                cstackCOMRAM                   000001  000059  00005A         1       1  COMRAM  
                intcode                        000008  0000D0  0000D8         4       0  CODE    
                bssBANK0                       000060  000031  000091        60       1  BANK0   
                smallconst                     001000  0000DA  0010DA       800       0  SMALLCON
                text0                          0010DA  000874  00194E       86D       0  CODE    


UNUSED ADDRESS RANGES

        Name                Unused          Largest block    Delta
        BANK0            000091-0000FF               6F
        BANK1            000100-0001FF              100
        BANK10           000A00-000AFF              100
        BANK11           000B00-000BFF              100
        BANK12           000C00-000CFF              100
        BANK13           000D00-000DFF              100
        BANK14           000E00-000E40               41
        BANK2            000200-0002FF              100
        BANK3            000300-0003FF              100
        BANK4            000400-0004FF              100
        BANK5            000500-0005FF              100
        BANK6            000600-0006FF              100
        BANK7            000700-0007FF              100
        BANK8            000800-0008FF              100
        BANK9            000900-0009FF              100
        BIGRAM           00005A-00005F                6
                         000091-000E40              DB0
        BIGSFR           000E41-000FFF              1BF
        CODE             000004-000007                4
                         0000D8-000FFF              F28
                         00194E-007FFF             66B2
        COMRAM           00005A-00005F                6
        CONST            000004-000007                4
                         0000D8-000FFF              F28
                         00194E-007FFF             66B2
        EEDATA           F00000-F003FF              400
        MEDIUMCONST      00194E-007FFF             66B2
        RAM              000091-000E40              100
        SFR              000E41-000FFF               BF
        SMALLCONST       00194E-007FFF              100

                                  Symbol Table

?_printf                                        cstackCOMRAM 00002B
?_vfprintf                                      cstackCOMRAM 000023
EUSART1_Read@readValue                          cstackCOMRAM 000007
EUSART1_SetErrorHandler@interruptHandler        cstackCOMRAM 000007
EUSART1_SetFramingErrorHandler@interruptHandler cstackCOMRAM 000007
EUSART1_SetOverrunErrorHandler@interruptHandler cstackCOMRAM 000007
EUSART1_SetRxInterruptHandler@interruptHandler  cstackCOMRAM 000007
EUSART1_SetTxInterruptHandler@interruptHandler  cstackCOMRAM 000007
EUSART1_Write@txData                            cstackCOMRAM 000007
SPI_ExchangeByte@data                           cstackCOMRAM 000007
TMR1_SetInterruptHandler@InterruptHandler       cstackCOMRAM 000007
TMR1_WriteTimer@timerVal                        cstackCOMRAM 000001
_ANCON0                                         (abs)        000F5D
_ANCON1                                         (abs)        000F5C
_BAUDCON1                                       (abs)        000FA7
_EUSART1_DefaultErrorHandler                    text36       001940
_EUSART1_DefaultFramingErrorHandler             text35       00194C
_EUSART1_DefaultOverrunErrorHandler             text34       00193A
_EUSART1_ErrorHandler                           nvBANK0      00008D
_EUSART1_FramingErrorHandler                    nvCOMRAM     00004E
_EUSART1_Initialize                             text20       0014B0
_EUSART1_OverrunErrorHandler                    nvBANK0      00008F
_EUSART1_Read                                   text26       00157A
_EUSART1_Receive_ISR                            text33       0012C0
_EUSART1_RxDataHandler                          text37       0017DA
_EUSART1_RxDefaultInterruptHandler              nvCOMRAM     000054
_EUSART1_SetErrorHandler                        text25       001930
_EUSART1_SetFramingErrorHandler                 text24       001926
_EUSART1_SetOverrunErrorHandler                 text23       00191C
_EUSART1_SetRxInterruptHandler                  text22       001912
_EUSART1_SetTxInterruptHandler                  text21       001908
_EUSART1_Transmit_ISR                           text32       001698
_EUSART1_TxDefaultInterruptHandler              nvCOMRAM     000056
_EUSART1_Write                                  text9        001524
_INTCON2bits                                    (abs)        000FF1
_INTCONbits                                     (abs)        000FF2
_INTERRUPT_Initialize                           text19       001946
_INTERRUPT_InterruptManager                     intcode      000008
_LATA                                           (abs)        000F89
_LATAbits                                       (abs)        000F89
_LATB                                           (abs)        000F8A
_LATC                                           (abs)        000F8B
_OSCCON                                         (abs)        000FD3
_OSCCON2                                        (abs)        000FD2
_OSCILLATOR_Initialize                          text18       0018E2
_OSCTUNE                                        (abs)        000F9B
_PIE1bits                                       (abs)        000F9D
_PIN_MANAGER_Initialize                         text17       0017B0
_PIR1bits                                       (abs)        000F9E
_RCONbits                                       (abs)        000FD0
_RCREG1                                         (abs)        000FAE
_RCSTA1                                         (abs)        000FAB
_RCSTA1bits                                     (abs)        000FAB
_REFOCON                                        (abs)        000F9A
_SPBRG1                                         (abs)        000FAF
_SPBRGH1                                        (abs)        000F7D
_SPI_ExchangeByte                               text12       00189C
_SPI_Initialize                                 text16       0018D0
_SSPADD                                         (abs)        000FC8
_SSPBUF                                         (abs)        000FC9
_SSPCON1                                        (abs)        000FC6
_SSPCON1bits                                    (abs)        000FC6
_SSPCON2                                        (abs)        000FC5
_SSPSTAT                                        (abs)        000FC7
_SYSTEM_Initialize                              text13       0018B6
_T1CON                                          (abs)        000FCD
_T1CONbits                                      (abs)        000FCD
_T1GCON                                         (abs)        000FAA
_T1GCONbits                                     (abs)        000FAA
_TMR1H                                          (abs)        000FCF
_TMR1L                                          (abs)        000FCE
_TMR1_DefaultInterruptHandler                   text29       00194A
_TMR1_ISR                                       text28       0016D8
_TMR1_Initialize                                text14       00174C
_TMR1_InterruptHandler                          nvCOMRAM     000050
_TMR1_SetInterruptHandler                       text15       0018FE
_TMR1_WriteTimer                                text31       001804
_TRISA                                          (abs)        000F92
_TRISB                                          (abs)        000F93
_TRISC                                          (abs)        000F94
_TRISCbits                                      (abs)        000F94
_TXREG1                                         (abs)        000FAD
_TXSTA1                                         (abs)        000FAC
_TXSTA1bits                                     (abs)        000FAC
_WPUB                                           (abs)        000F5B
__HRAM                                          (abs)        000000
__Habs1                                         abs1         000000
__Hbank0                                        bank0        000000
__Hbank1                                        bank1        000000
__Hbank10                                       bank10       000000
__Hbank11                                       bank11       000000
__Hbank12                                       bank12       000000
__Hbank13                                       bank13       000000
__Hbank14                                       bank14       000000
__Hbank2                                        bank2        000000
__Hbank3                                        bank3        000000
__Hbank4                                        bank4        000000
__Hbank5                                        bank5        000000
__Hbank6                                        bank6        000000
__Hbank7                                        bank7        000000
__Hbank8                                        bank8        000000
__Hbank9                                        bank9        000000
__Hbigbss                                       bigbss       000000
__Hbigdata                                      bigdata      000000
__Hbigram                                       bigram       000000
__Hbigsfr                                       bigsfr       000000
__Hbss                                          bss          000000
__HbssBANK0                                     bssBANK0     000000
__HbssCOMRAM                                    bssCOMRAM    000000
__Hcinit                                        cinit        000000
__Hclrtext                                      clrtext      000000
__Hcomram                                       comram       000000
__Hconfig                                       config       30000E
__Hconst                                        const        000000
__HcstackBANK0                                  cstackBANK0  000000
__HcstackCOMRAM                                 cstackCOMRAM 000000
__Hdata                                         data         000000
__Heeprom_data                                  eeprom_data  000000
__Hfarbss                                       farbss       000000
__Hfardata                                      fardata      000000
__Hheap                                         heap         000000
__Hibigdata                                     ibigdata     000000
__Hidata                                        idata        000000
__Hidloc                                        idloc        200008
__Hifardata                                     ifardata     000000
__Hinit                                         init         0000D8
__Hintcode                                      intcode      0000D4
__Hintcode_body                                 intcode_body 000000
__Hintcodelo                                    intcodelo    0000D4
__Hintentry                                     intentry     000000
__Hintret                                       intret       000000
__Hintsave_regs                                 intsave_regs 000000
__Hirdata                                       irdata       000000
__Hmediumconst                                  mediumconst  000000
__HnvBANK0                                      nvBANK0      000000
__HnvCOMRAM                                     nvCOMRAM     000000
__HnvFARRAM                                     nvFARRAM     000000
__Hnvbit                                        nvbit        000000
__Hnvrram                                       nvrram       000000
__Hparam                                        rparam       000000
__Hpowerup                                      powerup      0000D4
__Hram                                          ram          000000
__Hramtop                                       ramtop       001000
__Hrbit                                         rbit         000000
__Hrbss                                         rbss         000000
__Hrdata                                        rdata        000000
__Hreset_vec                                    reset_vec    000004
__Hrparam                                       rparam       000000
__Hsfr                                          sfr          000000
__Hsmallconst                                   smallconst   0010DA
__Hspace_0                                      (abs)        00194E
__Hspace_1                                      (abs)        000091
__Hspace_2                                      (abs)        000000
__Hspace_4                                      (abs)        60000E
__Hstack                                        stack        000000
__Hstruct                                       struct       000000
__Htemp                                         temp         00005A
__Htext                                         text         000000
__Htext0                                        text0        000000
__Htext1                                        text1        000000
__Htext10                                       text10       000000
__Htext11                                       text11       000000
__Htext12                                       text12       000000
__Htext13                                       text13       000000
__Htext14                                       text14       000000
__Htext15                                       text15       000000
__Htext16                                       text16       000000
__Htext17                                       text17       000000
__Htext18                                       text18       000000
__Htext19                                       text19       000000
__Htext2                                        text2        000000
__Htext20                                       text20       000000
__Htext21                                       text21       000000
__Htext22                                       text22       000000
__Htext23                                       text23       000000
__Htext24                                       text24       000000
__Htext25                                       text25       000000
__Htext26                                       text26       000000
__Htext28                                       text28       000000
__Htext29                                       text29       000000
__Htext3                                        text3        000000
__Htext30                                       text30       000000
__Htext31                                       text31       000000
__Htext32                                       text32       000000
__Htext33                                       text33       000000
__Htext34                                       text34       000000
__Htext35                                       text35       000000
__Htext36                                       text36       000000
__Htext37                                       text37       000000
__Htext38                                       text38       000000
__Htext4                                        text4        000000
__Htext5                                        text5        000000
__Htext6                                        text6        000000
__Htext7                                        text7        000000
__Htext8                                        text8        000000
__Htext9                                        text9        000000
__LRAM                                          (abs)        000001
__Labs1                                         abs1         000000
__Lbank0                                        bank0        000000
__Lbank1                                        bank1        000000
__Lbank10                                       bank10       000000
__Lbank11                                       bank11       000000
__Lbank12                                       bank12       000000
__Lbank13                                       bank13       000000
__Lbank14                                       bank14       000000
__Lbank2                                        bank2        000000
__Lbank3                                        bank3        000000
__Lbank4                                        bank4        000000
__Lbank5                                        bank5        000000
__Lbank6                                        bank6        000000
__Lbank7                                        bank7        000000
__Lbank8                                        bank8        000000
__Lbank9                                        bank9        000000
__Lbigbss                                       bigbss       000000
__Lbigdata                                      bigdata      000000
__Lbigram                                       bigram       000000
__Lbigsfr                                       bigsfr       000000
__Lbss                                          bss          000000
__LbssBANK0                                     bssBANK0     000000
__LbssCOMRAM                                    bssCOMRAM    000000
__Lcinit                                        cinit        000000
__Lclrtext                                      clrtext      000000
__Lcomram                                       comram       000000
__Lconfig                                       config       000000
__Lconst                                        const        000000
__LcstackBANK0                                  cstackBANK0  000000
__LcstackCOMRAM                                 cstackCOMRAM 000000
__Ldata                                         data         000000
__Leeprom_data                                  eeprom_data  000000
__Lfarbss                                       farbss       000000
__Lfardata                                      fardata      000000
__Lheap                                         heap         000000
__Libigdata                                     ibigdata     000000
__Lidata                                        idata        000000
__Lidloc                                        idloc        000000
__Lifardata                                     ifardata     000000
__Linit                                         init         0000D4
__Lintcode                                      intcode      000008
__Lintcode_body                                 intcode_body 000000
__Lintcodelo                                    intcodelo    0000D4
__Lintentry                                     intentry     000000
__Lintret                                       intret       000000
__Lintsave_regs                                 intsave_regs 000000
__Lirdata                                       irdata       000000
__Lmediumconst                                  mediumconst  000000
__LnvBANK0                                      nvBANK0      000000
__LnvCOMRAM                                     nvCOMRAM     000000
__LnvFARRAM                                     nvFARRAM     000000
__Lnvbit                                        nvbit        000000
__Lnvrram                                       nvrram       000000
__Lparam                                        rparam       000000
__Lpowerup                                      powerup      0000D4
__Lram                                          ram          000000
__Lramtop                                       ramtop       001000
__Lrbit                                         rbit         000000
__Lrbss                                         rbss         000000
__Lrdata                                        rdata        000000
__Lreset_vec                                    reset_vec    000000
__Lrparam                                       rparam       000000
__Lsfr                                          sfr          000000
__Lsmallconst                                   smallconst   001000
__Lspace_0                                      (abs)        000000
__Lspace_1                                      (abs)        000000
__Lspace_2                                      (abs)        000000
__Lspace_4                                      (abs)        000000
__Lstack                                        stack        000000
__Lstruct                                       struct       000000
__Ltemp                                         temp         000059
__Ltext                                         text         000000
__Ltext0                                        text0        000000
__Ltext1                                        text1        000000
__Ltext10                                       text10       000000
__Ltext11                                       text11       000000
__Ltext12                                       text12       000000
__Ltext13                                       text13       000000
__Ltext14                                       text14       000000
__Ltext15                                       text15       000000
__Ltext16                                       text16       000000
__Ltext17                                       text17       000000
__Ltext18                                       text18       000000
__Ltext19                                       text19       000000
__Ltext2                                        text2        000000
__Ltext20                                       text20       000000
__Ltext21                                       text21       000000
__Ltext22                                       text22       000000
__Ltext23                                       text23       000000
__Ltext24                                       text24       000000
__Ltext25                                       text25       000000
__Ltext26                                       text26       000000
__Ltext28                                       text28       000000
__Ltext29                                       text29       000000
__Ltext3                                        text3        000000
__Ltext30                                       text30       000000
__Ltext31                                       text31       000000
__Ltext32                                       text32       000000
__Ltext33                                       text33       000000
__Ltext34                                       text34       000000
__Ltext35                                       text35       000000
__Ltext36                                       text36       000000
__Ltext37                                       text37       000000
__Ltext38                                       text38       000000
__Ltext4                                        text4        000000
__Ltext5                                        text5        000000
__Ltext6                                        text6        000000
__Ltext7                                        text7        000000
__Ltext8                                        text8        000000
__Ltext9                                        text9        000000
__S0                                            (abs)        00194E
__S1                                            (abs)        000091
__S4                                            (abs)        000000
__S5                                            (abs)        000000
___heap_hi                                      (abs)        000000
___heap_lo                                      (abs)        000000
___inthi_sp                                     stack        000000
___intlo_sp                                     stack        000000
___param_bank                                   (abs)        000000
___rparam_used                                  (abs)        000001
___sp                                           stack        000000
__accesstop                                     (abs)        000060
__activetblptr                                  (abs)        000002
__end_of_EUSART1_DefaultErrorHandler            text36       001946
__end_of_EUSART1_DefaultFramingErrorHandler     text35       00194E
__end_of_EUSART1_DefaultOverrunErrorHandler     text34       001940
__end_of_EUSART1_Initialize                     text20       001524
__end_of_EUSART1_Read                           text26       0015CA
__end_of_EUSART1_Receive_ISR                    text33       001380
__end_of_EUSART1_RxDataHandler                  text37       001804
__end_of_EUSART1_SetErrorHandler                text25       00193A
__end_of_EUSART1_SetFramingErrorHandler         text24       001930
__end_of_EUSART1_SetOverrunErrorHandler         text23       001926
__end_of_EUSART1_SetRxInterruptHandler          text22       00191C
__end_of_EUSART1_SetTxInterruptHandler          text21       001912
__end_of_EUSART1_Transmit_ISR                   text32       0016D8
__end_of_EUSART1_Write                          text9        00157A
__end_of_INTERRUPT_Initialize                   text19       00194A
__end_of_INTERRUPT_InterruptManager             intcode      0000D4
__end_of_OSCILLATOR_Initialize                  text18       0018F4
__end_of_PIN_MANAGER_Initialize                 text17       0017DA
__end_of_SPI_ExchangeByte                       text12       0018B6
__end_of_SPI_Initialize                         text16       0018E2
__end_of_SYSTEM_Initialize                      text13       0018D0
__end_of_TMR1_DefaultInterruptHandler           text29       00194C
__end_of_TMR1_ISR                               text28       001714
__end_of_TMR1_Initialize                        text14       001784
__end_of_TMR1_SetInterruptHandler               text15       001908
__end_of_TMR1_WriteTimer                        text31       00182C
__end_of__initialization                        cinit        001844
__end_of_car                                    smallconst   001079
__end_of_carre_60                               text10       001698
__end_of_ctoa                                   text6        00141A
__end_of_fputc                                  text7        0014B0
__end_of_main                                   text0        0011D8
__end_of_myTimer1_ISR                           text30       0017B0
__end_of_out_dig                                text11       00189C
__end_of_printf                                 text3        001878
__end_of_putch                                  text8        0018FE
__end_of_sin                                    smallconst   0010B5
__end_of_sinus_60                               text2        00174C
__end_of_spi_configuration                      smallconst   0010B9
__end_of_tri                                    smallconst   00103D
__end_of_triangle_60                            text1        001658
__end_of_vfpfcnvrt                              text5        0012C0
__end_of_vfprintf                               text4        001618
__initialization                                cinit        00182C
__mediumconst                                   mediumconst  000000
__pbssBANK0                                     bssBANK0     000060
__pbssCOMRAM                                    bssCOMRAM    000031
__pcinit                                        cinit        00182C
__pcstackBANK0                                  cstackBANK0  000088
__pcstackCOMRAM                                 cstackCOMRAM 000001
__pintcode                                      intcode      000008
__pnvBANK0                                      nvBANK0      00008D
__pnvCOMRAM                                     nvCOMRAM     00004E
__psmallconst                                   smallconst   001000
__ptext0                                        text0        0010DA
__ptext1                                        text1        001618
__ptext10                                       text10       001658
__ptext11                                       text11       001878
__ptext12                                       text12       00189C
__ptext13                                       text13       0018B6
__ptext14                                       text14       00174C
__ptext15                                       text15       0018FE
__ptext16                                       text16       0018D0
__ptext17                                       text17       0017B0
__ptext18                                       text18       0018E2
__ptext19                                       text19       001946
__ptext2                                        text2        001714
__ptext20                                       text20       0014B0
__ptext21                                       text21       001908
__ptext22                                       text22       001912
__ptext23                                       text23       00191C
__ptext24                                       text24       001926
__ptext25                                       text25       001930
__ptext26                                       text26       00157A
__ptext28                                       text28       0016D8
__ptext29                                       text29       00194A
__ptext3                                        text3        001852
__ptext30                                       text30       001784
__ptext31                                       text31       001804
__ptext32                                       text32       001698
__ptext33                                       text33       0012C0
__ptext34                                       text34       00193A
__ptext35                                       text35       00194C
__ptext36                                       text36       001940
__ptext37                                       text37       0017DA
__ptext38                                       text38       000000
__ptext4                                        text4        0015CA
__ptext5                                        text5        0011D8
__ptext6                                        text6        001380
__ptext7                                        text7        00141A
__ptext8                                        text8        0018F4
__ptext9                                        text9        001524
__ramtop                                        ramtop       001000
__smallconst                                    smallconst   001000
_car                                            smallconst   00103D
_carre_60                                       text10       001658
_ctoa                                           text6        001380
_eusart1RxBuffer                                bssBANK0     000080
_eusart1RxCount                                 bssCOMRAM    000049
_eusart1RxHead                                  bssCOMRAM    00004B
_eusart1RxLastError                             bssCOMRAM    000048
_eusart1RxStatusBuffer                          bssCOMRAM    000031
_eusart1RxTail                                  bssCOMRAM    00004A
_eusart1TxBuffer                                bssCOMRAM    000039
_eusart1TxBufferRemaining                       nvCOMRAM     000058
_eusart1TxHead                                  bssCOMRAM    00004D
_eusart1TxTail                                  bssCOMRAM    00004C
_flags                                          bssCOMRAM    000047
_fputc                                          text7        00141A
_main                                           text0        0010DA
_myTimer1_ISR                                   text30       001784
_out_dig                                        text11       001878
_prec                                           bssCOMRAM    000043
_printf                                         text3        001852
_putch                                          text8        0018F4
_sin                                            smallconst   001079
_sinus_60                                       text2        001714
_spi_configuration                              smallconst   0010B5
_temps_timer                                    bssCOMRAM    000045
_timer1ReloadVal                                nvCOMRAM     000052
_tri                                            smallconst   001001
_triangle_60                                    text1        001618
_vfpfcnvrt                                      text5        0011D8
_vfprintf                                       text4        0015CA
_width                                          bssCOMRAM    000041
btemp                                           temp         000059
carre_60@i                                      cstackCOMRAM 00000B
ctoa@c                                          cstackCOMRAM 000014
ctoa@fp                                         cstackCOMRAM 000012
ctoa@l                                          cstackCOMRAM 000016
ctoa@w                                          cstackCOMRAM 000018
end_of_initialization                           cinit        001844
fputc@c                                         cstackCOMRAM 000009
fputc@fp                                        cstackCOMRAM 00000B
int$flags                                       temp         000059
intlevel0                                       text         000000
intlevel1                                       text         000000
intlevel2                                       text         000000
intlevel3                                       text         000000
isa$std                                         (abs)        000001
isa$xinst                                       (abs)        000000
main@onde                                       cstackBANK0  00008A
main@typeonde_recu                              cstackBANK0  00008B
out_dig@x                                       cstackCOMRAM 000009
printf@ap                                       cstackCOMRAM 00002F
printf@fmt                                      cstackCOMRAM 00002B
putch@txData                                    cstackCOMRAM 000008
sinus_60@i                                      cstackCOMRAM 00000A
stackhi                                         (abs)        000000
stacklo                                         (abs)        000000
start                                           init         0000D4
start_initialization                            cinit        00182C
triangle_60@i                                   cstackCOMRAM 00000B
ttemp5                                          temp         00005A
ttemp6                                          temp         00005D
ttemp7                                          temp         000061
vfpfcnvrt@ap                                    cstackCOMRAM 00001E
vfpfcnvrt@c                                     cstackCOMRAM 000022
vfpfcnvrt@fmt                                   cstackCOMRAM 00001C
vfpfcnvrt@fp                                    cstackCOMRAM 00001A
vfprintf@ap                                     cstackCOMRAM 000027
vfprintf@cfmt                                   cstackCOMRAM 000029
vfprintf@fmt                                    cstackCOMRAM 000025
vfprintf@fp                                     cstackCOMRAM 000023
wtemp8                                          temp         00005A


MODULE INFORMATION

Module		Function		Class		Link	Load	Size
C:\Program Files\Microchip\xc8\v2.40\pic\sources\c99\common\nf_fputc.c
		_fputc         		CODE           	141A	0000	150

C:\Program Files\Microchip\xc8\v2.40\pic\sources\c99\common\nf_fputc.c estimated size: 150

mcc_generated_files/interrupt_manager.c
		_INTERRUPT_Initialize		CODE           	1946	0000	4
		_INTERRUPT_InterruptManager		CODE           	0008	0000	204

mcc_generated_files/interrupt_manager.c estimated size: 208

C:\Program Files\Microchip\xc8\v2.40\pic\sources\c99\common\printf.c
		_printf        		CODE           	1852	0000	38

C:\Program Files\Microchip\xc8\v2.40\pic\sources\c99\common\printf.c estimated size: 38

mcc_generated_files/pin_manager.c
		_PIN_MANAGER_Initialize		CODE           	17B0	0000	42

mcc_generated_files/pin_manager.c estimated size: 42

mcc_generated_files/spi.c
		_SPI_ExchangeByte		CODE           	189C	0000	26
		_SPI_Initialize		CODE           	18D0	0000	18

mcc_generated_files/spi.c estimated size: 44

shared
		_car           		SMALLCONST     	103D	0000	60
		_tri           		SMALLCONST     	1001	0000	60
		_sin           		SMALLCONST     	1079	0000	60
		__initialization		CODE           	182C	0000	24
		_spi_configuration		SMALLCONST     	10B5	0000	4

shared estimated size: 208

mcc_generated_files/eusart1.c
		_EUSART1_SetRxInterruptHandler		CODE           	1912	0000	10
		_EUSART1_SetTxInterruptHandler		CODE           	1908	0000	10
		_EUSART1_Initialize		CODE           	14B0	0000	116
		_putch         		CODE           	18F4	0000	10
		_EUSART1_DefaultErrorHandler		CODE           	1940	0000	6
		_EUSART1_SetFramingErrorHandler		CODE           	1926	0000	10
		_EUSART1_Read  		CODE           	157A	0000	80
		_EUSART1_SetOverrunErrorHandler		CODE           	191C	0000	10
		_EUSART1_SetErrorHandler		CODE           	1930	0000	10
		_EUSART1_Write 		CODE           	1524	0000	86
		_EUSART1_Receive_ISR		CODE           	12C0	0000	192
		_EUSART1_RxDataHandler		CODE           	17DA	0000	42
		_EUSART1_DefaultOverrunErrorHandler		CODE           	193A	0000	6
		_EUSART1_Transmit_ISR		CODE           	1698	0000	64
		_EUSART1_DefaultFramingErrorHandler		CODE           	194C	0000	2

mcc_generated_files/eusart1.c estimated size: 654

mcc_generated_files/mcc.c
		_OSCILLATOR_Initialize		CODE           	18E2	0000	18
		_SYSTEM_Initialize		CODE           	18B6	0000	26

mcc_generated_files/mcc.c estimated size: 44

mcc_generated_files/tmr1.c
		_TMR1_Initialize		CODE           	174C	0000	56
		_TMR1_SetInterruptHandler		CODE           	18FE	0000	10
		_TMR1_DefaultInterruptHandler		CODE           	194A	0000	2
		_TMR1_WriteTimer		CODE           	1804	0000	40
		_TMR1_ISR      		CODE           	16D8	0000	60

mcc_generated_files/tmr1.c estimated size: 168

C:\Program Files\Microchip\xc8\v2.40\pic\sources\c99\common\doprnt.c
		_vfpfcnvrt     		CODE           	11D8	0000	232
		_ctoa          		CODE           	1380	0000	154
		_vfprintf      		CODE           	15CA	0000	78

C:\Program Files\Microchip\xc8\v2.40\pic\sources\c99\common\doprnt.c estimated size: 464

main.c
		_out_dig       		CODE           	1878	0000	36
		_carre_60      		CODE           	1658	0000	64
		_triangle_60   		CODE           	1618	0000	64
		_main          		CODE           	10DA	0000	254
		_myTimer1_ISR  		CODE           	1784	0000	44
		_sinus_60      		CODE           	1714	0000	56

main.c estimated size: 518

