Microchip MPLAB XC8 Compiler V2.40

Linker command line:

-W-3 \
  --edf=C:\Program Files\Microchip\xc8\v2.40\pic\dat\20220703182018_en.msgs \
  -cn -h+dist/default/debug\TP3.X.debug.sym \
  --cmf=dist/default/debug\TP3.X.debug.cmf -z -Q18F25K80 \
  -oC:\Users\A.D\AppData\Local\Temp\xcAsrmo.4 --defsym=__MPLAB_BUILD=1 \
  --fixupoverflow=error -Mdist/default/debug/TP3.X.debug.map \
  --md=C:\Users\A.D\AppData\Local\Temp\xcAsrmo.dat -E1 -ver=XC8 Compiler \
  --acfsm=1493 -ACODE=00h-07FFFh -ACONST=00h-07FFFh \
  -ASMALLCONST=01000h-010FFhx112 -AMEDIUMCONST=01000h-07FFFh \
  -ACOMRAM=01h-05Fh -AABS1=00h-0E40h -ABIGRAM=01h-0E40h \
  -ARAM=060h-0FFh,0100h-01FFhx13,0E00h-0E40h -ABANK0=060h-0FFh \
  -ABANK1=0100h-01FFh -ABANK2=0200h-02FFh -ABANK3=0300h-03FFh \
  -ABANK4=0400h-04FFh -ABANK5=0500h-05FFh -ABANK6=0600h-06FFh \
  -ABANK7=0700h-07FFh -ABANK8=0800h-08FFh -ABANK9=0900h-09FFh \
  -ABANK10=0A00h-0AFFh -ABANK11=0B00h-0BFFh -ABANK12=0C00h-0CFFh \
  -ABANK13=0D00h-0DFFh -ABANK14=0E00h-0E40h \
  -ASFR=0E41h-0EFFh,0F00h-0F5Fh,0F60h-0FFCh -ABIGSFR=0E41h-0FFCh \
  -ACONFIG=0300000h-030000Dh -AIDLOC=0200000h-0200007h \
  -AEEDATA=0F00000h-0F003FFh -peeprom_data=EEDATA \
  -preset_vec=00h,intcode=08h,intcodelo,powerup,init -pramtop=01000h \
  -psmallconst=SMALLCONST -pmediumconst=MEDIUMCONST -pconst=CONST \
  -AFARRAM=00h-00h \
  -prdata=COMRAM,nvrram=COMRAM,nvbit=COMRAM,rbss=COMRAM,rbit=COMRAM \
  -pfarbss=FARRAM,fardata=FARRAM,nvFARRAM=FARRAM \
  -pintsave_regs=BIGRAM,bigbss=BIGRAM,bigdata=BIGRAM -pbss=RAM \
  -pidata=CODE,irdata=CODE,ibigdata=CODE,ifardata=CODE -prparam=COMRAM \
  C:\Users\A.D\AppData\Local\Temp\xcAsrmo.o \
  dist/default/debug\TP3.X.debug.o 

Object code version is 3.11

Machine type is 18F25K80



                Name                               Link     Load   Length Selector   Space Scale
C:\Users\A.D\AppData\Local\Temp\xcAsrmo.o
                idloc                            200000   200000        8        0       5
                config                           300000   300000        E        0       4
                init                                 F6       F6        4        4       0
                reset_vec                             0        0        6        0       0
dist/default/debug\TP3.X.debug.o
                intcode                               8        8       EE        4       0
                idloc                            200000   200000        8        0       5
                config                           300000   300000        E        0       4
                temp                                 53       53        1        1       1
                smallconst                         1000     1000       D8      800       0
                text33                             1688     1688       2A      86C       0
                text32                             1818     1818        6      86C       0
                text31                             1824     1824        2      86C       0
                text30                             1812     1812        6      86C       0
                text29                             1290     1290       C2      86C       0
                text28                             159A     159A       40      86C       0
                text27                             1702     1702       28      86C       0
                text26                             178E     178E       1A      86C       0
                text25                             1750     1750       24      86C       0
                text24                             1616     1616       3A      86C       0
                text23                             1822     1822        2      86C       0
                text22                             15DA     15DA       3C      86C       0
                text20                             1808     1808        A      86C       0
                text19                             17FE     17FE        A      86C       0
                text18                             17F4     17F4        A      86C       0
                text17                             17EA     17EA        A      86C       0
                text16                             17E0     17E0        A      86C       0
                text15                             1482     1482       74      86C       0
                text14                             181E     181E        4      86C       0
                text13                             17BA     17BA       12      86C       0
                text12                             16DA     16DA       28      86C       0
                text11                             17A8     17A8       12      86C       0
                text10                             17D6     17D6        A      86C       0
                text9                              1650     1650       38      86C       0
                text8                              1774     1774       1A      86C       0
                text7                              14F6     14F6       56      86C       0
                text6                              17CC     17CC        A      86C       0
                text5                              13EC     13EC       96      86C       0
                text4                              1352     1352       9A      86C       0
                text3                              10D8     10D8       E8      86C       0
                text2                              154C     154C       4E      86C       0
                text1                              16B2     16B2       28      86C       0
                text0                              11C0     11C0       D0      86C       0
                cstackCOMRAM                          1        1       2F        1       1
                cstackBANK0                          88       88        B       60       1
                bssBANK0                             60       60       28       60       1
                bssCOMRAM                            30       30       1C        1       1
                cinit                              172A     172A       26      86C       0
                nvBANK0                              93       93        8       60       1
                nvCOMRAM                             4C       4C        7        1       1

TOTAL           Name                               Link     Load   Length     Space
        CLASS   CODE           
                intcode                               8        8       EE         0
                init                                 F6       F6        4         0
                reset_vec                             0        0        6         0
                text33                             1688     1688       2A         0
                text32                             1818     1818        6         0
                text31                             1824     1824        2         0
                text30                             1812     1812        6         0
                text29                             1290     1290       C2         0
                text28                             159A     159A       40         0
                text27                             1702     1702       28         0
                text26                             178E     178E       1A         0
                text25                             1750     1750       24         0
                text24                             1616     1616       3A         0
                text23                             1822     1822        2         0
                text22                             15DA     15DA       3C         0
                text20                             1808     1808        A         0
                text19                             17FE     17FE        A         0
                text18                             17F4     17F4        A         0
                text17                             17EA     17EA        A         0
                text16                             17E0     17E0        A         0
                text15                             1482     1482       74         0
                text14                             181E     181E        4         0
                text13                             17BA     17BA       12         0
                text12                             16DA     16DA       28         0
                text11                             17A8     17A8       12         0
                text10                             17D6     17D6        A         0
                text9                              1650     1650       38         0
                text8                              1774     1774       1A         0
                text7                              14F6     14F6       56         0
                text6                              17CC     17CC        A         0
                text5                              13EC     13EC       96         0
                text4                              1352     1352       9A         0
                text3                              10D8     10D8       E8         0
                text2                              154C     154C       4E         0
                text1                              16B2     16B2       28         0
                text0                              11C0     11C0       D0         0
                cinit                              172A     172A       26         0

        CLASS   CONST          

        CLASS   SMALLCONST     
                smallconst                         1000     1000       D8         0

        CLASS   MEDIUMCONST    

        CLASS   COMRAM         
                temp                                 53       53        1         1
                cstackCOMRAM                          1        1       2F         1
                bssCOMRAM                            30       30       1C         1
                nvCOMRAM                             4C       4C        7         1

        CLASS   ABS1           

        CLASS   BIGRAM         

        CLASS   RAM            

        CLASS   BANK0          
                cstackBANK0                          88       88        B         1
                bssBANK0                             60       60       28         1
                nvBANK0                              93       93        8         1

        CLASS   BANK1          

        CLASS   BANK2          

        CLASS   BANK3          

        CLASS   BANK4          

        CLASS   BANK5          

        CLASS   BANK6          

        CLASS   BANK7          

        CLASS   BANK8          

        CLASS   BANK9          

        CLASS   BANK10         

        CLASS   BANK11         

        CLASS   BANK12         

        CLASS   BANK13         

        CLASS   BANK14         

        CLASS   SFR            

        CLASS   BIGSFR         

        CLASS   CONFIG         
                config                           300000   300000        E         4

        CLASS   IDLOC          
                idloc                            200000   200000        8         5

        CLASS   EEDATA         

        CLASS   FARRAM         

        CLASS   HEAP           

        CLASS   STACK          



SEGMENTS        Name                           Load    Length   Top    Selector   Space  Class

                reset_vec                      000000  000006  000006         0       0  CODE    
                cstackCOMRAM                   000001  000053  000054         1       1  COMRAM  
                intcode                        000008  0000F2  0000FA         4       0  CODE    
                bssBANK0                       000060  00003B  00009B        60       1  BANK0   
                smallconst                     001000  0000D8  0010D8       800       0  SMALLCON
                text3                          0010D8  00074E  001826       86C       0  CODE    


UNUSED ADDRESS RANGES

        Name                Unused          Largest block    Delta
        BANK0            00009B-0000FF               65
        BANK1            000100-0001FF              100
        BANK10           000A00-000AFF              100
        BANK11           000B00-000BFF              100
        BANK12           000C00-000CFF              100
        BANK13           000D00-000DFF              100
        BANK14           000E00-000E40               41
        BANK2            000200-0002FF              100
        BANK3            000300-0003FF              100
        BANK4            000400-0004FF              100
        BANK5            000500-0005FF              100
        BANK6            000600-0006FF              100
        BANK7            000700-0007FF              100
        BANK8            000800-0008FF              100
        BANK9            000900-0009FF              100
        BIGRAM           000054-00005F                C
                         00009B-000E40              DA6
        BIGSFR           000E41-000FFC              1BC
        CODE             000006-000007                2
                         0000FA-000FFF              F06
                         001826-007FFF             67DA
        COMRAM           000054-00005F                C
        CONST            000006-000007                2
                         0000FA-000FFF              F06
                         001826-007FFF             67DA
        EEDATA           F00000-F003FF              400
        MEDIUMCONST      001826-007FFF             67DA
        RAM              00009B-000E40              100
        SFR              000E41-000FFC               BF
        SMALLCONST       001826-007FFF              100

                                  Symbol Table

?_printf                                        cstackBANK0  000088
?_vfprintf                                      cstackCOMRAM 000028
EUSART1_SetErrorHandler@interruptHandler        cstackCOMRAM 00000C
EUSART1_SetFramingErrorHandler@interruptHandler cstackCOMRAM 00000C
EUSART1_SetOverrunErrorHandler@interruptHandler cstackCOMRAM 00000C
EUSART1_SetRxInterruptHandler@interruptHandler  cstackCOMRAM 00000C
EUSART1_SetTxInterruptHandler@interruptHandler  cstackCOMRAM 00000C
EUSART1_Write@txData                            cstackCOMRAM 00000C
SPI_ExchangeByte@data                           cstackCOMRAM 000001
TMR1_SetInterruptHandler@InterruptHandler       cstackCOMRAM 00000C
TMR1_WriteTimer@timerVal                        cstackCOMRAM 000001
_ANCON0                                         (abs)        000F5D
_ANCON1                                         (abs)        000F5C
_BAUDCON1                                       (abs)        000FA7
_EUSART1_DefaultErrorHandler                    text32       001818
_EUSART1_DefaultFramingErrorHandler             text31       001824
_EUSART1_DefaultOverrunErrorHandler             text30       001812
_EUSART1_ErrorHandler                           nvBANK0      000093
_EUSART1_FramingErrorHandler                    nvBANK0      000097
_EUSART1_Initialize                             text15       001482
_EUSART1_OverrunErrorHandler                    nvBANK0      000095
_EUSART1_Read                                   (abs)        000000
_EUSART1_Receive_ISR                            text29       001290
_EUSART1_RxDataHandler                          text33       001688
_EUSART1_RxDefaultInterruptHandler              nvBANK0      000099
_EUSART1_SetErrorHandler                        text20       001808
_EUSART1_SetFramingErrorHandler                 text19       0017FE
_EUSART1_SetOverrunErrorHandler                 text18       0017F4
_EUSART1_SetRxInterruptHandler                  text17       0017EA
_EUSART1_SetTxInterruptHandler                  text16       0017E0
_EUSART1_Transmit_ISR                           text28       00159A
_EUSART1_TxDefaultInterruptHandler              nvCOMRAM     000050
_EUSART1_Write                                  text7        0014F6
_INTCON2bits                                    (abs)        000FF1
_INTCONbits                                     (abs)        000FF2
_INTERRUPT_Initialize                           text14       00181E
_INTERRUPT_InterruptManager                     intcode      000008
_LATA                                           (abs)        000F89
_LATAbits                                       (abs)        000F89
_LATB                                           (abs)        000F8A
_LATC                                           (abs)        000F8B
_OSCCON                                         (abs)        000FD3
_OSCCON2                                        (abs)        000FD2
_OSCILLATOR_Initialize                          text13       0017BA
_OSCTUNE                                        (abs)        000F9B
_PIE1bits                                       (abs)        000F9D
_PIN_MANAGER_Initialize                         text12       0016DA
_PIR1bits                                       (abs)        000F9E
_RCONbits                                       (abs)        000FD0
_RCREG1                                         (abs)        000FAE
_RCSTA1                                         (abs)        000FAB
_RCSTA1bits                                     (abs)        000FAB
_REFOCON                                        (abs)        000F9A
_SPBRG1                                         (abs)        000FAF
_SPBRGH1                                        (abs)        000F7D
_SPI_ExchangeByte                               text26       00178E
_SPI_Initialize                                 text11       0017A8
_SSPADD                                         (abs)        000FC8
_SSPBUF                                         (abs)        000FC9
_SSPCON1                                        (abs)        000FC6
_SSPCON1bits                                    (abs)        000FC6
_SSPCON2                                        (abs)        000FC5
_SSPSTAT                                        (abs)        000FC7
_SYSTEM_Initialize                              text8        001774
_T1CON                                          (abs)        000FCD
_T1CONbits                                      (abs)        000FCD
_T1GCON                                         (abs)        000FAA
_T1GCONbits                                     (abs)        000FAA
_TMR1H                                          (abs)        000FCF
_TMR1L                                          (abs)        000FCE
_TMR1_DefaultInterruptHandler                   text23       001822
_TMR1_ISR                                       text22       0015DA
_TMR1_Initialize                                text9        001650
_TMR1_InterruptHandler                          nvCOMRAM     00004C
_TMR1_SetInterruptHandler                       text10       0017D6
_TMR1_WriteTimer                                text27       001702
_TRISA                                          (abs)        000F92
_TRISB                                          (abs)        000F93
_TRISC                                          (abs)        000F94
_TRISCbits                                      (abs)        000F94
_TXREG1                                         (abs)        000FAD
_TXSTA1                                         (abs)        000FAC
_TXSTA1bits                                     (abs)        000FAC
_WPUB                                           (abs)        000F5B
__HRAM                                          (abs)        000000
__Habs1                                         abs1         000000
__Hbank0                                        bank0        000000
__Hbank1                                        bank1        000000
__Hbank10                                       bank10       000000
__Hbank11                                       bank11       000000
__Hbank12                                       bank12       000000
__Hbank13                                       bank13       000000
__Hbank14                                       bank14       000000
__Hbank2                                        bank2        000000
__Hbank3                                        bank3        000000
__Hbank4                                        bank4        000000
__Hbank5                                        bank5        000000
__Hbank6                                        bank6        000000
__Hbank7                                        bank7        000000
__Hbank8                                        bank8        000000
__Hbank9                                        bank9        000000
__Hbigbss                                       bigbss       000000
__Hbigdata                                      bigdata      000000
__Hbigram                                       bigram       000000
__Hbigsfr                                       bigsfr       000000
__Hbss                                          bss          000000
__HbssBANK0                                     bssBANK0     000000
__HbssCOMRAM                                    bssCOMRAM    000000
__Hcinit                                        cinit        000000
__Hclrtext                                      clrtext      000000
__Hcomram                                       comram       000000
__Hconfig                                       config       30000E
__Hconst                                        const        000000
__HcstackBANK0                                  cstackBANK0  000000
__HcstackCOMRAM                                 cstackCOMRAM 000000
__Hdata                                         data         000000
__Heeprom_data                                  eeprom_data  000000
__Hfarbss                                       farbss       000000
__Hfardata                                      fardata      000000
__Hheap                                         heap         000000
__Hibigdata                                     ibigdata     000000
__Hidata                                        idata        000000
__Hidloc                                        idloc        200008
__Hifardata                                     ifardata     000000
__Hinit                                         init         0000FA
__Hintcode                                      intcode      0000F6
__Hintcode_body                                 intcode_body 000000
__Hintcodelo                                    intcodelo    0000F6
__Hintentry                                     intentry     000000
__Hintret                                       intret       000000
__Hintsave_regs                                 intsave_regs 000000
__Hirdata                                       irdata       000000
__Hmediumconst                                  mediumconst  000000
__HnvBANK0                                      nvBANK0      000000
__HnvCOMRAM                                     nvCOMRAM     000000
__HnvFARRAM                                     nvFARRAM     000000
__Hnvbit                                        nvbit        000000
__Hnvrram                                       nvrram       000000
__Hparam                                        rparam       000000
__Hpowerup                                      powerup      0000F6
__Hram                                          ram          000000
__Hramtop                                       ramtop       001000
__Hrbit                                         rbit         000000
__Hrbss                                         rbss         000000
__Hrdata                                        rdata        000000
__Hreset_vec                                    reset_vec    000006
__Hrparam                                       rparam       000000
__Hsfr                                          sfr          000000
__Hsmallconst                                   smallconst   0010D8
__Hspace_0                                      (abs)        001826
__Hspace_1                                      (abs)        00009B
__Hspace_2                                      (abs)        000000
__Hspace_4                                      (abs)        60000E
__Hstack                                        stack        000000
__Hstruct                                       struct       000000
__Htemp                                         temp         000054
__Htext                                         text         000000
__Htext0                                        text0        000000
__Htext1                                        text1        000000
__Htext10                                       text10       000000
__Htext11                                       text11       000000
__Htext12                                       text12       000000
__Htext13                                       text13       000000
__Htext14                                       text14       000000
__Htext15                                       text15       000000
__Htext16                                       text16       000000
__Htext17                                       text17       000000
__Htext18                                       text18       000000
__Htext19                                       text19       000000
__Htext2                                        text2        000000
__Htext20                                       text20       000000
__Htext22                                       text22       000000
__Htext23                                       text23       000000
__Htext24                                       text24       000000
__Htext25                                       text25       000000
__Htext26                                       text26       000000
__Htext27                                       text27       000000
__Htext28                                       text28       000000
__Htext29                                       text29       000000
__Htext3                                        text3        000000
__Htext30                                       text30       000000
__Htext31                                       text31       000000
__Htext32                                       text32       000000
__Htext33                                       text33       000000
__Htext34                                       text34       000000
__Htext4                                        text4        000000
__Htext5                                        text5        000000
__Htext6                                        text6        000000
__Htext7                                        text7        000000
__Htext8                                        text8        000000
__Htext9                                        text9        000000
__LRAM                                          (abs)        000001
__Labs1                                         abs1         000000
__Lbank0                                        bank0        000000
__Lbank1                                        bank1        000000
__Lbank10                                       bank10       000000
__Lbank11                                       bank11       000000
__Lbank12                                       bank12       000000
__Lbank13                                       bank13       000000
__Lbank14                                       bank14       000000
__Lbank2                                        bank2        000000
__Lbank3                                        bank3        000000
__Lbank4                                        bank4        000000
__Lbank5                                        bank5        000000
__Lbank6                                        bank6        000000
__Lbank7                                        bank7        000000
__Lbank8                                        bank8        000000
__Lbank9                                        bank9        000000
__Lbigbss                                       bigbss       000000
__Lbigdata                                      bigdata      000000
__Lbigram                                       bigram       000000
__Lbigsfr                                       bigsfr       000000
__Lbss                                          bss          000000
__LbssBANK0                                     bssBANK0     000000
__LbssCOMRAM                                    bssCOMRAM    000000
__Lcinit                                        cinit        000000
__Lclrtext                                      clrtext      000000
__Lcomram                                       comram       000000
__Lconfig                                       config       000000
__Lconst                                        const        000000
__LcstackBANK0                                  cstackBANK0  000000
__LcstackCOMRAM                                 cstackCOMRAM 000000
__Ldata                                         data         000000
__Leeprom_data                                  eeprom_data  000000
__Lfarbss                                       farbss       000000
__Lfardata                                      fardata      000000
__Lheap                                         heap         000000
__Libigdata                                     ibigdata     000000
__Lidata                                        idata        000000
__Lidloc                                        idloc        000000
__Lifardata                                     ifardata     000000
__Linit                                         init         0000F6
__Lintcode                                      intcode      000008
__Lintcode_body                                 intcode_body 000000
__Lintcodelo                                    intcodelo    0000F6
__Lintentry                                     intentry     000000
__Lintret                                       intret       000000
__Lintsave_regs                                 intsave_regs 000000
__Lirdata                                       irdata       000000
__Lmediumconst                                  mediumconst  000000
__LnvBANK0                                      nvBANK0      000000
__LnvCOMRAM                                     nvCOMRAM     000000
__LnvFARRAM                                     nvFARRAM     000000
__Lnvbit                                        nvbit        000000
__Lnvrram                                       nvrram       000000
__Lparam                                        rparam       000000
__Lpowerup                                      powerup      0000F6
__Lram                                          ram          000000
__Lramtop                                       ramtop       001000
__Lrbit                                         rbit         000000
__Lrbss                                         rbss         000000
__Lrdata                                        rdata        000000
__Lreset_vec                                    reset_vec    000000
__Lrparam                                       rparam       000000
__Lsfr                                          sfr          000000
__Lsmallconst                                   smallconst   001000
__Lspace_0                                      (abs)        000000
__Lspace_1                                      (abs)        000000
__Lspace_2                                      (abs)        000000
__Lspace_4                                      (abs)        000000
__Lstack                                        stack        000000
__Lstruct                                       struct       000000
__Ltemp                                         temp         000053
__Ltext                                         text         000000
__Ltext0                                        text0        000000
__Ltext1                                        text1        000000
__Ltext10                                       text10       000000
__Ltext11                                       text11       000000
__Ltext12                                       text12       000000
__Ltext13                                       text13       000000
__Ltext14                                       text14       000000
__Ltext15                                       text15       000000
__Ltext16                                       text16       000000
__Ltext17                                       text17       000000
__Ltext18                                       text18       000000
__Ltext19                                       text19       000000
__Ltext2                                        text2        000000
__Ltext20                                       text20       000000
__Ltext22                                       text22       000000
__Ltext23                                       text23       000000
__Ltext24                                       text24       000000
__Ltext25                                       text25       000000
__Ltext26                                       text26       000000
__Ltext27                                       text27       000000
__Ltext28                                       text28       000000
__Ltext29                                       text29       000000
__Ltext3                                        text3        000000
__Ltext30                                       text30       000000
__Ltext31                                       text31       000000
__Ltext32                                       text32       000000
__Ltext33                                       text33       000000
__Ltext34                                       text34       000000
__Ltext4                                        text4        000000
__Ltext5                                        text5        000000
__Ltext6                                        text6        000000
__Ltext7                                        text7        000000
__Ltext8                                        text8        000000
__Ltext9                                        text9        000000
__S0                                            (abs)        001826
__S1                                            (abs)        00009B
__S4                                            (abs)        000000
__S5                                            (abs)        000000
___heap_hi                                      (abs)        000000
___heap_lo                                      (abs)        000000
___inthi_sp                                     stack        000000
___intlo_sp                                     stack        000000
___param_bank                                   (abs)        000000
___rparam_used                                  (abs)        000001
___sp                                           stack        000000
__accesstop                                     (abs)        000060
__activetblptr                                  (abs)        000002
__end_of_EUSART1_DefaultErrorHandler            text32       00181E
__end_of_EUSART1_DefaultFramingErrorHandler     text31       001826
__end_of_EUSART1_DefaultOverrunErrorHandler     text30       001818
__end_of_EUSART1_Initialize                     text15       0014F6
__end_of_EUSART1_Receive_ISR                    text29       001352
__end_of_EUSART1_RxDataHandler                  text33       0016B2
__end_of_EUSART1_SetErrorHandler                text20       001812
__end_of_EUSART1_SetFramingErrorHandler         text19       001808
__end_of_EUSART1_SetOverrunErrorHandler         text18       0017FE
__end_of_EUSART1_SetRxInterruptHandler          text17       0017F4
__end_of_EUSART1_SetTxInterruptHandler          text16       0017EA
__end_of_EUSART1_Transmit_ISR                   text28       0015DA
__end_of_EUSART1_Write                          text7        00154C
__end_of_INTERRUPT_Initialize                   text14       001822
__end_of_INTERRUPT_InterruptManager             intcode      0000F6
__end_of_OSCILLATOR_Initialize                  text13       0017CC
__end_of_PIN_MANAGER_Initialize                 text12       001702
__end_of_SPI_ExchangeByte                       text26       0017A8
__end_of_SPI_Initialize                         text11       0017BA
__end_of_SYSTEM_Initialize                      text8        00178E
__end_of_TMR1_DefaultInterruptHandler           text23       001824
__end_of_TMR1_ISR                               text22       001616
__end_of_TMR1_Initialize                        text9        001688
__end_of_TMR1_SetInterruptHandler               text10       0017E0
__end_of_TMR1_WriteTimer                        text27       00172A
__end_of__initialization                        cinit        001742
__end_of_car                                    smallconst   001079
__end_of_ctoa                                   text4        0013EC
__end_of_fputc                                  text5        001482
__end_of_main                                   text0        001290
__end_of_myTimer1_ISR                           text24       001650
__end_of_out_dig                                text25       001774
__end_of_printf                                 text1        0016DA
__end_of_putch                                  text6        0017D6
__end_of_sin                                    smallconst   0010B5
__end_of_spi_configuration                      smallconst   0010B9
__end_of_tri                                    smallconst   00103D
__end_of_vfpfcnvrt                              text3        0011C0
__end_of_vfprintf                               text2        00159A
__initialization                                cinit        00172A
__mediumconst                                   mediumconst  000000
__pbssBANK0                                     bssBANK0     000060
__pbssCOMRAM                                    bssCOMRAM    000030
__pcinit                                        cinit        00172A
__pcstackBANK0                                  cstackBANK0  000088
__pcstackCOMRAM                                 cstackCOMRAM 000001
__pintcode                                      intcode      000008
__pnvBANK0                                      nvBANK0      000093
__pnvCOMRAM                                     nvCOMRAM     00004C
__psmallconst                                   smallconst   001000
__ptext0                                        text0        0011C0
__ptext1                                        text1        0016B2
__ptext10                                       text10       0017D6
__ptext11                                       text11       0017A8
__ptext12                                       text12       0016DA
__ptext13                                       text13       0017BA
__ptext14                                       text14       00181E
__ptext15                                       text15       001482
__ptext16                                       text16       0017E0
__ptext17                                       text17       0017EA
__ptext18                                       text18       0017F4
__ptext19                                       text19       0017FE
__ptext2                                        text2        00154C
__ptext20                                       text20       001808
__ptext22                                       text22       0015DA
__ptext23                                       text23       001822
__ptext24                                       text24       001616
__ptext25                                       text25       001750
__ptext26                                       text26       00178E
__ptext27                                       text27       001702
__ptext28                                       text28       00159A
__ptext29                                       text29       001290
__ptext3                                        text3        0010D8
__ptext30                                       text30       001812
__ptext31                                       text31       001824
__ptext32                                       text32       001818
__ptext33                                       text33       001688
__ptext34                                       text34       000000
__ptext4                                        text4        001352
__ptext5                                        text5        0013EC
__ptext6                                        text6        0017CC
__ptext7                                        text7        0014F6
__ptext8                                        text8        001774
__ptext9                                        text9        001650
__ramtop                                        ramtop       001000
__smallconst                                    smallconst   001000
_car                                            smallconst   00103D
_ctoa                                           text4        001352
_eusart1RxBuffer                                bssBANK0     000080
_eusart1RxCount                                 bssCOMRAM    000047
_eusart1RxHead                                  bssCOMRAM    000049
_eusart1RxLastError                             bssCOMRAM    000046
_eusart1RxStatusBuffer                          bssCOMRAM    000030
_eusart1RxTail                                  bssCOMRAM    000048
_eusart1TxBuffer                                bssCOMRAM    000038
_eusart1TxBufferRemaining                       nvCOMRAM     000052
_eusart1TxHead                                  bssCOMRAM    00004B
_eusart1TxTail                                  bssCOMRAM    00004A
_flags                                          bssCOMRAM    000044
_fputc                                          text5        0013EC
_main                                           text0        0011C0
_myTimer1_ISR                                   text24       001616
_out_dig                                        text25       001750
_prec                                           bssCOMRAM    000042
_printf                                         text1        0016B2
_putch                                          text6        0017CC
_sin                                            smallconst   001079
_spi_configuration                              smallconst   0010B5
_timer1ReloadVal                                nvCOMRAM     00004E
_tri                                            smallconst   001001
_vfpfcnvrt                                      text3        0010D8
_vfprintf                                       text2        00154C
_width                                          bssCOMRAM    000040
btemp                                           temp         000053
ctoa@c                                          cstackCOMRAM 000019
ctoa@fp                                         cstackCOMRAM 000017
ctoa@l                                          cstackCOMRAM 00001B
ctoa@w                                          cstackCOMRAM 00001D
end_of_initialization                           cinit        001742
fputc@c                                         cstackCOMRAM 00000E
fputc@fp                                        cstackCOMRAM 000010
int$flags                                       temp         000053
intlevel0                                       text         000000
intlevel1                                       text         000000
intlevel2                                       text         000000
intlevel3                                       text         000000
isa$std                                         (abs)        000001
isa$xinst                                       (abs)        000000
main@onde                                       cstackBANK0  000090
main@typeonde_recu                              cstackBANK0  000091
myTimer1_ISR@i                                  bssCOMRAM    000045
out_dig@x                                       cstackCOMRAM 000003
printf@ap                                       cstackBANK0  00008C
printf@fmt                                      cstackBANK0  000088
putch@txData                                    cstackCOMRAM 00000D
stackhi                                         (abs)        000000
stacklo                                         (abs)        000000
start                                           init         0000F6
start_initialization                            cinit        00172A
ttemp5                                          temp         000054
ttemp6                                          temp         000057
ttemp7                                          temp         00005B
vfpfcnvrt@ap                                    cstackCOMRAM 000023
vfpfcnvrt@c                                     cstackCOMRAM 000027
vfpfcnvrt@fmt                                   cstackCOMRAM 000021
vfpfcnvrt@fp                                    cstackCOMRAM 00001F
vfprintf@ap                                     cstackCOMRAM 00002C
vfprintf@cfmt                                   cstackCOMRAM 00002E
vfprintf@fmt                                    cstackCOMRAM 00002A
vfprintf@fp                                     cstackCOMRAM 000028
wtemp8                                          temp         000054


MODULE INFORMATION

Module		Function		Class		Link	Load	Size
C:\Program Files\Microchip\xc8\v2.40\pic\sources\c99\common\nf_fputc.c
		_fputc         		CODE           	13EC	0000	150

C:\Program Files\Microchip\xc8\v2.40\pic\sources\c99\common\nf_fputc.c estimated size: 150

mcc_generated_files/interrupt_manager.c
		_INTERRUPT_Initialize		CODE           	181E	0000	4
		_INTERRUPT_InterruptManager		CODE           	0008	0000	238

mcc_generated_files/interrupt_manager.c estimated size: 242

C:\Program Files\Microchip\xc8\v2.40\pic\sources\c99\common\printf.c
		_printf        		CODE           	16B2	0000	40

C:\Program Files\Microchip\xc8\v2.40\pic\sources\c99\common\printf.c estimated size: 40

mcc_generated_files/pin_manager.c
		_PIN_MANAGER_Initialize		CODE           	16DA	0000	40

mcc_generated_files/pin_manager.c estimated size: 40

mcc_generated_files/spi.c
		_SPI_ExchangeByte		CODE           	178E	0000	26
		_SPI_Initialize		CODE           	17A8	0000	18

mcc_generated_files/spi.c estimated size: 44

shared
		_car           		SMALLCONST     	103D	0000	60
		_tri           		SMALLCONST     	1001	0000	60
		_sin           		SMALLCONST     	1079	0000	60
		__initialization		CODE           	172A	0000	24
		_spi_configuration		SMALLCONST     	10B5	0000	4

shared estimated size: 208

mcc_generated_files/eusart1.c
		_EUSART1_SetRxInterruptHandler		CODE           	17EA	0000	10
		_EUSART1_SetTxInterruptHandler		CODE           	17E0	0000	10
		_EUSART1_Initialize		CODE           	1482	0000	116
		_putch         		CODE           	17CC	0000	10
		_EUSART1_DefaultErrorHandler		CODE           	1818	0000	6
		_EUSART1_SetFramingErrorHandler		CODE           	17FE	0000	10
		_EUSART1_SetOverrunErrorHandler		CODE           	17F4	0000	10
		_EUSART1_SetErrorHandler		CODE           	1808	0000	10
		_EUSART1_Write 		CODE           	14F6	0000	86
		_EUSART1_Receive_ISR		CODE           	1290	0000	194
		_EUSART1_RxDataHandler		CODE           	1688	0000	42
		_EUSART1_DefaultOverrunErrorHandler		CODE           	1812	0000	6
		_EUSART1_Transmit_ISR		CODE           	159A	0000	64
		_EUSART1_DefaultFramingErrorHandler		CODE           	1824	0000	2

mcc_generated_files/eusart1.c estimated size: 576

mcc_generated_files/mcc.c
		_OSCILLATOR_Initialize		CODE           	17BA	0000	18
		_SYSTEM_Initialize		CODE           	1774	0000	26

mcc_generated_files/mcc.c estimated size: 44

mcc_generated_files/tmr1.c
		_TMR1_Initialize		CODE           	1650	0000	56
		_TMR1_SetInterruptHandler		CODE           	17D6	0000	10
		_TMR1_DefaultInterruptHandler		CODE           	1822	0000	2
		_TMR1_WriteTimer		CODE           	1702	0000	40
		_TMR1_ISR      		CODE           	15DA	0000	60

mcc_generated_files/tmr1.c estimated size: 168

C:\Program Files\Microchip\xc8\v2.40\pic\sources\c99\common\doprnt.c
		_vfpfcnvrt     		CODE           	10D8	0000	232
		_ctoa          		CODE           	1352	0000	154
		_vfprintf      		CODE           	154C	0000	78

C:\Program Files\Microchip\xc8\v2.40\pic\sources\c99\common\doprnt.c estimated size: 464

main.c
		_out_dig       		CODE           	1750	0000	36
		_main          		CODE           	11C0	0000	208
		_myTimer1_ISR  		CODE           	1616	0000	58

main.c estimated size: 302

